Archive member included to satisfy reference by file (symbol)

d:/st/stm32cubeide_1.10.1/stm32cubeide/plugins/com.st.stm32cube.ide.mcu.externaltools.gnu-tools-for-stm32.10.3-2021.10.win32_1.0.0.202111181127/tools/bin/../lib/gcc/arm-none-eabi/10.3.1/../../../../arm-none-eabi/lib/thumb/v7-m/nofp\libc_nano.a(lib_a-errno.o)
                              ./Core/Src/syscalls.o (__errno)
d:/st/stm32cubeide_1.10.1/stm32cubeide/plugins/com.st.stm32cube.ide.mcu.externaltools.gnu-tools-for-stm32.10.3-2021.10.win32_1.0.0.202111181127/tools/bin/../lib/gcc/arm-none-eabi/10.3.1/../../../../arm-none-eabi/lib/thumb/v7-m/nofp\libc_nano.a(lib_a-exit.o)
                              d:/st/stm32cubeide_1.10.1/stm32cubeide/plugins/com.st.stm32cube.ide.mcu.externaltools.gnu-tools-for-stm32.10.3-2021.10.win32_1.0.0.202111181127/tools/bin/../lib/gcc/arm-none-eabi/10.3.1/../../../../arm-none-eabi/lib/thumb/v7-m/nofp/crt0.o (exit)
d:/st/stm32cubeide_1.10.1/stm32cubeide/plugins/com.st.stm32cube.ide.mcu.externaltools.gnu-tools-for-stm32.10.3-2021.10.win32_1.0.0.202111181127/tools/bin/../lib/gcc/arm-none-eabi/10.3.1/../../../../arm-none-eabi/lib/thumb/v7-m/nofp\libc_nano.a(lib_a-impure.o)
                              d:/st/stm32cubeide_1.10.1/stm32cubeide/plugins/com.st.stm32cube.ide.mcu.externaltools.gnu-tools-for-stm32.10.3-2021.10.win32_1.0.0.202111181127/tools/bin/../lib/gcc/arm-none-eabi/10.3.1/../../../../arm-none-eabi/lib/thumb/v7-m/nofp\libc_nano.a(lib_a-exit.o) (_global_impure_ptr)
d:/st/stm32cubeide_1.10.1/stm32cubeide/plugins/com.st.stm32cube.ide.mcu.externaltools.gnu-tools-for-stm32.10.3-2021.10.win32_1.0.0.202111181127/tools/bin/../lib/gcc/arm-none-eabi/10.3.1/../../../../arm-none-eabi/lib/thumb/v7-m/nofp\libc_nano.a(lib_a-init.o)
                              d:/st/stm32cubeide_1.10.1/stm32cubeide/plugins/com.st.stm32cube.ide.mcu.externaltools.gnu-tools-for-stm32.10.3-2021.10.win32_1.0.0.202111181127/tools/bin/../lib/gcc/arm-none-eabi/10.3.1/../../../../arm-none-eabi/lib/thumb/v7-m/nofp/crt0.o (__libc_init_array)
d:/st/stm32cubeide_1.10.1/stm32cubeide/plugins/com.st.stm32cube.ide.mcu.externaltools.gnu-tools-for-stm32.10.3-2021.10.win32_1.0.0.202111181127/tools/bin/../lib/gcc/arm-none-eabi/10.3.1/../../../../arm-none-eabi/lib/thumb/v7-m/nofp\libc_nano.a(lib_a-memset.o)
                              d:/st/stm32cubeide_1.10.1/stm32cubeide/plugins/com.st.stm32cube.ide.mcu.externaltools.gnu-tools-for-stm32.10.3-2021.10.win32_1.0.0.202111181127/tools/bin/../lib/gcc/arm-none-eabi/10.3.1/../../../../arm-none-eabi/lib/thumb/v7-m/nofp/crt0.o (memset)

Discarded input sections

 .text          0x0000000000000000        0x0 d:/st/stm32cubeide_1.10.1/stm32cubeide/plugins/com.st.stm32cube.ide.mcu.externaltools.gnu-tools-for-stm32.10.3-2021.10.win32_1.0.0.202111181127/tools/bin/../lib/gcc/arm-none-eabi/10.3.1/thumb/v7-m/nofp/crti.o
 .data          0x0000000000000000        0x0 d:/st/stm32cubeide_1.10.1/stm32cubeide/plugins/com.st.stm32cube.ide.mcu.externaltools.gnu-tools-for-stm32.10.3-2021.10.win32_1.0.0.202111181127/tools/bin/../lib/gcc/arm-none-eabi/10.3.1/thumb/v7-m/nofp/crti.o
 .bss           0x0000000000000000        0x0 d:/st/stm32cubeide_1.10.1/stm32cubeide/plugins/com.st.stm32cube.ide.mcu.externaltools.gnu-tools-for-stm32.10.3-2021.10.win32_1.0.0.202111181127/tools/bin/../lib/gcc/arm-none-eabi/10.3.1/thumb/v7-m/nofp/crti.o
 .data          0x0000000000000000        0x4 d:/st/stm32cubeide_1.10.1/stm32cubeide/plugins/com.st.stm32cube.ide.mcu.externaltools.gnu-tools-for-stm32.10.3-2021.10.win32_1.0.0.202111181127/tools/bin/../lib/gcc/arm-none-eabi/10.3.1/thumb/v7-m/nofp/crtbegin.o
 .rodata        0x0000000000000000       0x24 d:/st/stm32cubeide_1.10.1/stm32cubeide/plugins/com.st.stm32cube.ide.mcu.externaltools.gnu-tools-for-stm32.10.3-2021.10.win32_1.0.0.202111181127/tools/bin/../lib/gcc/arm-none-eabi/10.3.1/thumb/v7-m/nofp/crtbegin.o
 .text          0x0000000000000000       0x7c d:/st/stm32cubeide_1.10.1/stm32cubeide/plugins/com.st.stm32cube.ide.mcu.externaltools.gnu-tools-for-stm32.10.3-2021.10.win32_1.0.0.202111181127/tools/bin/../lib/gcc/arm-none-eabi/10.3.1/../../../../arm-none-eabi/lib/thumb/v7-m/nofp/crt0.o
 .data          0x0000000000000000        0x0 d:/st/stm32cubeide_1.10.1/stm32cubeide/plugins/com.st.stm32cube.ide.mcu.externaltools.gnu-tools-for-stm32.10.3-2021.10.win32_1.0.0.202111181127/tools/bin/../lib/gcc/arm-none-eabi/10.3.1/../../../../arm-none-eabi/lib/thumb/v7-m/nofp/crt0.o
 .bss           0x0000000000000000        0x0 d:/st/stm32cubeide_1.10.1/stm32cubeide/plugins/com.st.stm32cube.ide.mcu.externaltools.gnu-tools-for-stm32.10.3-2021.10.win32_1.0.0.202111181127/tools/bin/../lib/gcc/arm-none-eabi/10.3.1/../../../../arm-none-eabi/lib/thumb/v7-m/nofp/crt0.o
[...]
Memory Configuration

Name             Origin             Length             Attributes
RAM              0x0000000020000000 0x0000000000005000 xrw
FLASH            0x0000000008000000 0x0000000000020000 xr
*default*        0x0000000000000000 0xffffffffffffffff

Linker script and memory map

LOAD d:/st/stm32cubeide_1.10.1/stm32cubeide/plugins/com.st.stm32cube.ide.mcu.externaltools.gnu-tools-for-stm32.10.3-2021.10.win32_1.0.0.202111181127/tools/bin/../lib/gcc/arm-none-eabi/10.3.1/thumb/v7-m/nofp/crti.o
LOAD d:/st/stm32cubeide_1.10.1/stm32cubeide/plugins/com.st.stm32cube.ide.mcu.externaltools.gnu-tools-for-stm32.10.3-2021.10.win32_1.0.0.202111181127/tools/bin/../lib/gcc/arm-none-eabi/10.3.1/thumb/v7-m/nofp/crtbegin.o
LOAD d:/st/stm32cubeide_1.10.1/stm32cubeide/plugins/com.st.stm32cube.ide.mcu.externaltools.gnu-tools-for-stm32.10.3-2021.10.win32_1.0.0.202111181127/tools/bin/../lib/gcc/arm-none-eabi/10.3.1/../../../../arm-none-eabi/lib/thumb/v7-m/nofp/crt0.o
LOAD ./Core/Src/main.o
LOAD ./Core/Src/stm32f1xx_hal_msp.o
LOAD ./Core/Src/stm32f1xx_it.o
LOAD ./Core/Src/syscalls.o
LOAD ./Core/Src/sysmem.o
LOAD ./Core/Src/system_stm32f1xx.o
LOAD ./Core/Startup/startup_stm32f103cbtx.o
LOAD ./Drivers/STM32F1xx_HAL_Driver/Src/stm32f1xx_hal.o
LOAD ./Drivers/STM32F1xx_HAL_Driver/Src/stm32f1xx_hal_cortex.o
LOAD ./Drivers/STM32F1xx_HAL_Driver/Src/stm32f1xx_hal_dma.o
LOAD ./Drivers/STM32F1xx_HAL_Driver/Src/stm32f1xx_hal_exti.o
LOAD ./Drivers/STM32F1xx_HAL_Driver/Src/stm32f1xx_hal_flash.o
LOAD ./Drivers/STM32F1xx_HAL_Driver/Src/stm32f1xx_hal_flash_ex.o
LOAD ./Drivers/STM32F1xx_HAL_Driver/Src/stm32f1xx_hal_gpio.o
LOAD ./Drivers/STM32F1xx_HAL_Driver/Src/stm32f1xx_hal_gpio_ex.o
LOAD ./Drivers/STM32F1xx_HAL_Driver/Src/stm32f1xx_hal_pwr.o
LOAD ./Drivers/STM32F1xx_HAL_Driver/Src/stm32f1xx_hal_rcc.o
LOAD ./Drivers/STM32F1xx_HAL_Driver/Src/stm32f1xx_hal_rcc_ex.o
LOAD ./Drivers/STM32F1xx_HAL_Driver/Src/stm32f1xx_hal_rtc.o
LOAD ./Drivers/STM32F1xx_HAL_Driver/Src/stm32f1xx_hal_rtc_ex.o
LOAD ./Drivers/STM32F1xx_HAL_Driver/Src/stm32f1xx_hal_tim.o
LOAD ./Drivers/STM32F1xx_HAL_Driver/Src/stm32f1xx_hal_tim_ex.o
START GROUP
LOAD d:/st/stm32cubeide_1.10.1/stm32cubeide/plugins/com.st.stm32cube.ide.mcu.externaltools.gnu-tools-for-stm32.10.3-2021.10.win32_1.0.0.202111181127/tools/bin/../lib/gcc/arm-none-eabi/10.3.1/../../../../arm-none-eabi/lib/thumb/v7-m/nofp\libc_nano.a
LOAD d:/st/stm32cubeide_1.10.1/stm32cubeide/plugins/com.st.stm32cube.ide.mcu.externaltools.gnu-tools-for-stm32.10.3-2021.10.win32_1.0.0.202111181127/tools/bin/../lib/gcc/arm-none-eabi/10.3.1/../../../../arm-none-eabi/lib/thumb/v7-m/nofp\libm.a
END GROUP
START GROUP
LOAD d:/st/stm32cubeide_1.10.1/stm32cubeide/plugins/com.st.stm32cube.ide.mcu.externaltools.gnu-tools-for-stm32.10.3-2021.10.win32_1.0.0.202111181127/tools/bin/../lib/gcc/arm-none-eabi/10.3.1/thumb/v7-m/nofp\libgcc.a
LOAD d:/st/stm32cubeide_1.10.1/stm32cubeide/plugins/com.st.stm32cube.ide.mcu.externaltools.gnu-tools-for-stm32.10.3-2021.10.win32_1.0.0.202111181127/tools/bin/../lib/gcc/arm-none-eabi/10.3.1/../../../../arm-none-eabi/lib/thumb/v7-m/nofp\libc_nano.a
END GROUP
START GROUP
LOAD d:/st/stm32cubeide_1.10.1/stm32cubeide/plugins/com.st.stm32cube.ide.mcu.externaltools.gnu-tools-for-stm32.10.3-2021.10.win32_1.0.0.202111181127/tools/bin/../lib/gcc/arm-none-eabi/10.3.1/thumb/v7-m/nofp\libgcc.a
LOAD d:/st/stm32cubeide_1.10.1/stm32cubeide/plugins/com.st.stm32cube.ide.mcu.externaltools.gnu-tools-for-stm32.10.3-2021.10.win32_1.0.0.202111181127/tools/bin/../lib/gcc/arm-none-eabi/10.3.1/../../../../arm-none-eabi/lib/thumb/v7-m/nofp\libc_nano.a
LOAD d:/st/stm32cubeide_1.10.1/stm32cubeide/plugins/com.st.stm32cube.ide.mcu.externaltools.gnu-tools-for-stm32.10.3-2021.10.win32_1.0.0.202111181127/tools/bin/../lib/gcc/arm-none-eabi/10.3.1/../../../../arm-none-eabi/lib/thumb/v7-m/nofp\libnosys.a
END GROUP
START GROUP
LOAD d:/st/stm32cubeide_1.10.1/stm32cubeide/plugins/com.st.stm32cube.ide.mcu.externaltools.gnu-tools-for-stm32.10.3-2021.10.win32_1.0.0.202111181127/tools/bin/../lib/gcc/arm-none-eabi/10.3.1/thumb/v7-m/nofp\libgcc.a
LOAD d:/st/stm32cubeide_1.10.1/stm32cubeide/plugins/com.st.stm32cube.ide.mcu.externaltools.gnu-tools-for-stm32.10.3-2021.10.win32_1.0.0.202111181127/tools/bin/../lib/gcc/arm-none-eabi/10.3.1/../../../../arm-none-eabi/lib/thumb/v7-m/nofp\libc_nano.a
LOAD d:/st/stm32cubeide_1.10.1/stm32cubeide/plugins/com.st.stm32cube.ide.mcu.externaltools.gnu-tools-for-stm32.10.3-2021.10.win32_1.0.0.202111181127/tools/bin/../lib/gcc/arm-none-eabi/10.3.1/../../../../arm-none-eabi/lib/thumb/v7-m/nofp\libnosys.a
END GROUP
LOAD d:/st/stm32cubeide_1.10.1/stm32cubeide/plugins/com.st.stm32cube.ide.mcu.externaltools.gnu-tools-for-stm32.10.3-2021.10.win32_1.0.0.202111181127/tools/bin/../lib/gcc/arm-none-eabi/10.3.1/thumb/v7-m/nofp/crtend.o
LOAD d:/st/stm32cubeide_1.10.1/stm32cubeide/plugins/com.st.stm32cube.ide.mcu.externaltools.gnu-tools-for-stm32.10.3-2021.10.win32_1.0.0.202111181127/tools/bin/../lib/gcc/arm-none-eabi/10.3.1/thumb/v7-m/nofp/crtn.o
                0x0000000020005000                _estack = (ORIGIN (RAM) + LENGTH (RAM))
                0x0000000000000200                _Min_Heap_Size = 0x200
                0x0000000000000400                _Min_Stack_Size = 0x400

.isr_vector     0x0000000008000000      0x10c
                0x0000000008000000                . = ALIGN (0x4)
 *(.isr_vector)
 .isr_vector    0x0000000008000000      0x10c ./Core/Startup/startup_stm32f103cbtx.o
                0x0000000008000000                g_pfnVectors
                0x000000000800010c                . = ALIGN (0x4)

.text           0x000000000800010c     0x1c50
                0x000000000800010c                . = ALIGN (0x4)
 *(.text)
 .text          0x000000000800010c       0x40 d:/st/stm32cubeide_1.10.1/stm32cubeide/plugins/com.st.stm32cube.ide.mcu.externaltools.gnu-tools-for-stm32.10.3-2021.10.win32_1.0.0.202111181127/tools/bin/../lib/gcc/arm-none-eabi/10.3.1/thumb/v7-m/nofp/crtbegin.o
 *(.text*)
 .text.main     0x000000000800014c       0x2c ./Core/Src/main.o
                0x000000000800014c                main
 .text.SystemClock_Config
                0x0000000008000178       0xb6 ./Core/Src/main.o
                0x0000000008000178                SystemClock_Config
 *fill*         0x000000000800022e        0x2 
 .text.MX_RTC_Init
                0x0000000008000230       0x94 ./Core/Src/main.o
 .text.MX_GPIO_Init
                0x00000000080002c4       0x98 ./Core/Src/main.o
 .text.Error_Handler
                0x000000000800035c        0xa ./Core/Src/main.o
                0x000000000800035c                Error_Handler
 *fill*         0x0000000008000366        0x2 
 .text.HAL_MspInit
                0x0000000008000368       0x64 ./Core/Src/stm32f1xx_hal_msp.o
                0x0000000008000368                HAL_MspInit
 .text.HAL_RTC_MspInit
                0x00000000080003cc       0x48 ./Core/Src/stm32f1xx_hal_msp.o
                0x00000000080003cc                HAL_RTC_MspInit
 .text.NMI_Handler
                0x0000000008000414        0x6 ./Core/Src/stm32f1xx_it.o
                0x0000000008000414                NMI_Handler
 .text.HardFault_Handler
                0x000000000800041a        0x6 ./Core/Src/stm32f1xx_it.o
                0x000000000800041a                HardFault_Handler
 .text.MemManage_Handler
                0x0000000008000420        0x6 ./Core/Src/stm32f1xx_it.o
                0x0000000008000420                MemManage_Handler
 .text.BusFault_Handler
                0x0000000008000426        0x6 ./Core/Src/stm32f1xx_it.o
                0x0000000008000426                BusFault_Handler
 .text.UsageFault_Handler
                0x000000000800042c        0x6 ./Core/Src/stm32f1xx_it.o
                0x000000000800042c                UsageFault_Handler
 .text.SVC_Handler
                0x0000000008000432        0xc ./Core/Src/stm32f1xx_it.o
                0x0000000008000432                SVC_Handler
 .text.DebugMon_Handler
                0x000000000800043e        0xc ./Core/Src/stm32f1xx_it.o
                0x000000000800043e                DebugMon_Handler
 .text.PendSV_Handler
                0x000000000800044a        0xc ./Core/Src/stm32f1xx_it.o
                0x000000000800044a                PendSV_Handler
 .text.SysTick_Handler
                0x0000000008000456        0xc ./Core/Src/stm32f1xx_it.o
                0x0000000008000456                SysTick_Handler
 .text.SystemInit
                0x0000000008000462        0xc ./Core/Src/system_stm32f1xx.o
                0x0000000008000462                SystemInit
 *fill*         0x000000000800046e        0x2 
 .text.Reset_Handler
                0x0000000008000470       0x48 ./Core/Startup/startup_stm32f103cbtx.o
                0x0000000008000470                Reset_Handler
 .text.Default_Handler
                0x00000000080004b8        0x2 ./Core/Startup/startup_stm32f103cbtx.o
                0x00000000080004b8                RTC_Alarm_IRQHandler
                0x00000000080004b8                EXTI2_IRQHandler
                0x00000000080004b8                TIM1_CC_IRQHandler
                0x00000000080004b8                PVD_IRQHandler
                0x00000000080004b8                EXTI3_IRQHandler
                0x00000000080004b8                EXTI0_IRQHandler
                0x00000000080004b8                I2C2_EV_IRQHandler
                0x00000000080004b8                ADC1_2_IRQHandler
                0x00000000080004b8                SPI1_IRQHandler
                0x00000000080004b8                TAMPER_IRQHandler
                0x00000000080004b8                DMA1_Channel4_IRQHandler
                0x00000000080004b8                USART3_IRQHandler
                0x00000000080004b8                RTC_IRQHandler
                0x00000000080004b8                DMA1_Channel7_IRQHandler
                0x00000000080004b8                CAN1_RX1_IRQHandler
                0x00000000080004b8                TIM4_IRQHandler
                0x00000000080004b8                I2C1_EV_IRQHandler
                0x00000000080004b8                DMA1_Channel6_IRQHandler
                0x00000000080004b8                TIM3_IRQHandler
                0x00000000080004b8                RCC_IRQHandler
                0x00000000080004b8                TIM1_TRG_COM_IRQHandler
                0x00000000080004b8                DMA1_Channel1_IRQHandler
                0x00000000080004b8                Default_Handler
                0x00000000080004b8                EXTI15_10_IRQHandler
                0x00000000080004b8                EXTI9_5_IRQHandler
                0x00000000080004b8                SPI2_IRQHandler
                0x00000000080004b8                DMA1_Channel5_IRQHandler
                0x00000000080004b8                EXTI4_IRQHandler
                0x00000000080004b8                USB_LP_CAN1_RX0_IRQHandler
                0x00000000080004b8                USB_HP_CAN1_TX_IRQHandler
                0x00000000080004b8                DMA1_Channel3_IRQHandler
                0x00000000080004b8                TIM1_UP_IRQHandler
                0x00000000080004b8                WWDG_IRQHandler
                0x00000000080004b8                TIM2_IRQHandler
                0x00000000080004b8                TIM1_BRK_IRQHandler
                0x00000000080004b8                EXTI1_IRQHandler
                0x00000000080004b8                USART2_IRQHandler
                0x00000000080004b8                I2C2_ER_IRQHandler
                0x00000000080004b8                DMA1_Channel2_IRQHandler
                0x00000000080004b8                CAN1_SCE_IRQHandler
                0x00000000080004b8                FLASH_IRQHandler
                0x00000000080004b8                USART1_IRQHandler
                0x00000000080004b8                I2C1_ER_IRQHandler
                0x00000000080004b8                USBWakeUp_IRQHandler
 *fill*         0x00000000080004ba        0x2 
 .text.HAL_Init
                0x00000000080004bc       0x2c ./Drivers/STM32F1xx_HAL_Driver/Src/stm32f1xx_hal.o
                0x00000000080004bc                HAL_Init
 .text.HAL_InitTick
                0x00000000080004e8       0x60 ./Drivers/STM32F1xx_HAL_Driver/Src/stm32f1xx_hal.o
                0x00000000080004e8                HAL_InitTick
 .text.HAL_IncTick
                0x0000000008000548       0x24 ./Drivers/STM32F1xx_HAL_Driver/Src/stm32f1xx_hal.o
                0x0000000008000548                HAL_IncTick
 .text.HAL_GetTick
                0x000000000800056c       0x14 ./Drivers/STM32F1xx_HAL_Driver/Src/stm32f1xx_hal.o
                0x000000000800056c                HAL_GetTick
 .text.HAL_Delay
                0x0000000008000580       0x48 ./Drivers/STM32F1xx_HAL_Driver/Src/stm32f1xx_hal.o
                0x0000000008000580                HAL_Delay
 .text.__NVIC_SetPriorityGrouping
                0x00000000080005c8       0x48 ./Drivers/STM32F1xx_HAL_Driver/Src/stm32f1xx_hal_cortex.o
 .text.__NVIC_GetPriorityGrouping
                0x0000000008000610       0x1c ./Drivers/STM32F1xx_HAL_Driver/Src/stm32f1xx_hal_cortex.o
 .text.__NVIC_SetPriority
                0x000000000800062c       0x54 ./Drivers/STM32F1xx_HAL_Driver/Src/stm32f1xx_hal_cortex.o
 .text.NVIC_EncodePriority
                0x0000000008000680       0x64 ./Drivers/STM32F1xx_HAL_Driver/Src/stm32f1xx_hal_cortex.o
 .text.SysTick_Config
                0x00000000080006e4       0x44 ./Drivers/STM32F1xx_HAL_Driver/Src/stm32f1xx_hal_cortex.o
 .text.HAL_NVIC_SetPriorityGrouping
                0x0000000008000728       0x16 ./Drivers/STM32F1xx_HAL_Driver/Src/stm32f1xx_hal_cortex.o
                0x0000000008000728                HAL_NVIC_SetPriorityGrouping
 .text.HAL_NVIC_SetPriority
                0x000000000800073e       0x38 ./Drivers/STM32F1xx_HAL_Driver/Src/stm32f1xx_hal_cortex.o
                0x000000000800073e                HAL_NVIC_SetPriority
 .text.HAL_SYSTICK_Config
                0x0000000008000776       0x18 ./Drivers/STM32F1xx_HAL_Driver/Src/stm32f1xx_hal_cortex.o
                0x0000000008000776                HAL_SYSTICK_Config
 *fill*         0x000000000800078e        0x2 
 .text.HAL_GPIO_Init
                0x0000000008000790      0x308 ./Drivers/STM32F1xx_HAL_Driver/Src/stm32f1xx_hal_gpio.o
                0x0000000008000790                HAL_GPIO_Init
 .text.HAL_GPIO_WritePin
                0x0000000008000a98       0x30 ./Drivers/STM32F1xx_HAL_Driver/Src/stm32f1xx_hal_gpio.o
                0x0000000008000a98                HAL_GPIO_WritePin
 .text.HAL_GPIO_TogglePin
                0x0000000008000ac8       0x32 ./Drivers/STM32F1xx_HAL_Driver/Src/stm32f1xx_hal_gpio.o
                0x0000000008000ac8                HAL_GPIO_TogglePin
 *fill*         0x0000000008000afa        0x2 
 .text.HAL_PWR_EnableBkUpAccess
                0x0000000008000afc       0x18 ./Drivers/STM32F1xx_HAL_Driver/Src/stm32f1xx_hal_pwr.o
                0x0000000008000afc                HAL_PWR_EnableBkUpAccess
 .text.HAL_RCC_OscConfig
                0x0000000008000b14      0x504 ./Drivers/STM32F1xx_HAL_Driver/Src/stm32f1xx_hal_rcc.o
                0x0000000008000b14                HAL_RCC_OscConfig
 .text.HAL_RCC_ClockConfig
                0x0000000008001018      0x1d4 ./Drivers/STM32F1xx_HAL_Driver/Src/stm32f1xx_hal_rcc.o
                0x0000000008001018                HAL_RCC_ClockConfig
 .text.HAL_RCC_GetSysClockFreq
                0x00000000080011ec       0xa8 ./Drivers/STM32F1xx_HAL_Driver/Src/stm32f1xx_hal_rcc.o
                0x00000000080011ec                HAL_RCC_GetSysClockFreq
 .text.HAL_RCC_GetHCLKFreq
                0x0000000008001294       0x14 ./Drivers/STM32F1xx_HAL_Driver/Src/stm32f1xx_hal_rcc.o
                0x0000000008001294                HAL_RCC_GetHCLKFreq
 .text.HAL_RCC_GetPCLK2Freq
                0x00000000080012a8       0x28 ./Drivers/STM32F1xx_HAL_Driver/Src/stm32f1xx_hal_rcc.o
                0x00000000080012a8                HAL_RCC_GetPCLK2Freq
 .text.RCC_Delay
                0x00000000080012d0       0x3c ./Drivers/STM32F1xx_HAL_Driver/Src/stm32f1xx_hal_rcc.o
 .text.HAL_RCCEx_PeriphCLKConfig
                0x000000000800130c      0x16c ./Drivers/STM32F1xx_HAL_Driver/Src/stm32f1xx_hal_rcc_ex.o
                0x000000000800130c                HAL_RCCEx_PeriphCLKConfig
 .text.HAL_RCCEx_GetPeriphCLKFreq
                0x0000000008001478      0x16c ./Drivers/STM32F1xx_HAL_Driver/Src/stm32f1xx_hal_rcc_ex.o
                0x0000000008001478                HAL_RCCEx_GetPeriphCLKFreq
 .text.HAL_RTC_Init
                0x00000000080015e4      0x118 ./Drivers/STM32F1xx_HAL_Driver/Src/stm32f1xx_hal_rtc.o
                0x00000000080015e4                HAL_RTC_Init
 .text.HAL_RTC_SetTime
                0x00000000080016fc      0x12e ./Drivers/STM32F1xx_HAL_Driver/Src/stm32f1xx_hal_rtc.o
                0x00000000080016fc                HAL_RTC_SetTime
 *fill*         0x000000000800182a        0x2 
 .text.HAL_RTC_SetDate
                0x000000000800182c      0x16c ./Drivers/STM32F1xx_HAL_Driver/Src/stm32f1xx_hal_rtc.o
                0x000000000800182c                HAL_RTC_SetDate
 .text.HAL_RTC_WaitForSynchro
                0x0000000008001998       0x5a ./Drivers/STM32F1xx_HAL_Driver/Src/stm32f1xx_hal_rtc.o
                0x0000000008001998                HAL_RTC_WaitForSynchro
 .text.RTC_ReadTimeCounter
                0x00000000080019f2       0x60 ./Drivers/STM32F1xx_HAL_Driver/Src/stm32f1xx_hal_rtc.o
 .text.RTC_WriteTimeCounter
                0x0000000008001a52       0x4e ./Drivers/STM32F1xx_HAL_Driver/Src/stm32f1xx_hal_rtc.o
 .text.RTC_ReadAlarmCounter
                0x0000000008001aa0       0x32 ./Drivers/STM32F1xx_HAL_Driver/Src/stm32f1xx_hal_rtc.o
 .text.RTC_WriteAlarmCounter
                0x0000000008001ad2       0x4e ./Drivers/STM32F1xx_HAL_Driver/Src/stm32f1xx_hal_rtc.o
 .text.RTC_EnterInitMode
                0x0000000008001b20       0x50 ./Drivers/STM32F1xx_HAL_Driver/Src/stm32f1xx_hal_rtc.o
 .text.RTC_ExitInitMode
                0x0000000008001b70       0x50 ./Drivers/STM32F1xx_HAL_Driver/Src/stm32f1xx_hal_rtc.o
 .text.RTC_Bcd2ToByte
                0x0000000008001bc0       0x3a ./Drivers/STM32F1xx_HAL_Driver/Src/stm32f1xx_hal_rtc.o
 *fill*         0x0000000008001bfa        0x2 
 .text.RTC_WeekDayNum
                0x0000000008001bfc       0xf0 ./Drivers/STM32F1xx_HAL_Driver/Src/stm32f1xx_hal_rtc.o
 .text.__libc_init_array
                0x0000000008001cec       0x48 d:/st/stm32cubeide_1.10.1/stm32cubeide/plugins/com.st.stm32cube.ide.mcu.externaltools.gnu-tools-for-stm32.10.3-2021.10.win32_1.0.0.202111181127/tools/bin/../lib/gcc/arm-none-eabi/10.3.1/../../../../arm-none-eabi/lib/thumb/v7-m/nofp\libc_nano.a(lib_a-init.o)
                0x0000000008001cec                __libc_init_array
 .text.memset   0x0000000008001d34       0x10 d:/st/stm32cubeide_1.10.1/stm32cubeide/plugins/com.st.stm32cube.ide.mcu.externaltools.gnu-tools-for-stm32.10.3-2021.10.win32_1.0.0.202111181127/tools/bin/../lib/gcc/arm-none-eabi/10.3.1/../../../../arm-none-eabi/lib/thumb/v7-m/nofp\libc_nano.a(lib_a-memset.o)
                0x0000000008001d34                memset
 *(.glue_7)
 .glue_7        0x0000000008001d44        0x0 linker stubs
 *(.glue_7t)
 .glue_7t       0x0000000008001d44        0x0 linker stubs
 *(.eh_frame)
 .eh_frame      0x0000000008001d44        0x0 d:/st/stm32cubeide_1.10.1/stm32cubeide/plugins/com.st.stm32cube.ide.mcu.externaltools.gnu-tools-for-stm32.10.3-2021.10.win32_1.0.0.202111181127/tools/bin/../lib/gcc/arm-none-eabi/10.3.1/thumb/v7-m/nofp/crtbegin.o
 *(.init)
 .init          0x0000000008001d44        0x4 d:/st/stm32cubeide_1.10.1/stm32cubeide/plugins/com.st.stm32cube.ide.mcu.externaltools.gnu-tools-for-stm32.10.3-2021.10.win32_1.0.0.202111181127/tools/bin/../lib/gcc/arm-none-eabi/10.3.1/thumb/v7-m/nofp/crti.o
                0x0000000008001d44                _init
 .init          0x0000000008001d48        0x8 d:/st/stm32cubeide_1.10.1/stm32cubeide/plugins/com.st.stm32cube.ide.mcu.externaltools.gnu-tools-for-stm32.10.3-2021.10.win32_1.0.0.202111181127/tools/bin/../lib/gcc/arm-none-eabi/10.3.1/thumb/v7-m/nofp/crtn.o
 *(.fini)
 .fini          0x0000000008001d50        0x4 d:/st/stm32cubeide_1.10.1/stm32cubeide/plugins/com.st.stm32cube.ide.mcu.externaltools.gnu-tools-for-stm32.10.3-2021.10.win32_1.0.0.202111181127/tools/bin/../lib/gcc/arm-none-eabi/10.3.1/thumb/v7-m/nofp/crti.o
                0x0000000008001d50                _fini
 .fini          0x0000000008001d54        0x8 d:/st/stm32cubeide_1.10.1/stm32cubeide/plugins/com.st.stm32cube.ide.mcu.externaltools.gnu-tools-for-stm32.10.3-2021.10.win32_1.0.0.202111181127/tools/bin/../lib/gcc/arm-none-eabi/10.3.1/thumb/v7-m/nofp/crtn.o
                0x0000000008001d5c                . = ALIGN (0x4)
                0x0000000008001d5c                _etext = .

.vfp11_veneer   0x0000000008001d5c        0x0
 .vfp11_veneer  0x0000000008001d5c        0x0 linker stubs

.v4_bx          0x0000000008001d5c        0x0
 .v4_bx         0x0000000008001d5c        0x0 linker stubs

.iplt           0x0000000008001d5c        0x0
 .iplt          0x0000000008001d5c        0x0 d:/st/stm32cubeide_1.10.1/stm32cubeide/plugins/com.st.stm32cube.ide.mcu.externaltools.gnu-tools-for-stm32.10.3-2021.10.win32_1.0.0.202111181127/tools/bin/../lib/gcc/arm-none-eabi/10.3.1/thumb/v7-m/nofp/crtbegin.o

.rodata         0x0000000008001d5c       0x40
                0x0000000008001d5c                . = ALIGN (0x4)
 *(.rodata)
 *(.rodata*)
 .rodata.AHBPrescTable
                0x0000000008001d5c       0x10 ./Core/Src/system_stm32f1xx.o
                0x0000000008001d5c                AHBPrescTable
 .rodata.APBPrescTable
                0x0000000008001d6c        0x8 ./Core/Src/system_stm32f1xx.o
                0x0000000008001d6c                APBPrescTable
 .rodata.aPLLMULFactorTable.1
                0x0000000008001d74       0x10 ./Drivers/STM32F1xx_HAL_Driver/Src/stm32f1xx_hal_rcc.o
 .rodata.aPredivFactorTable.0
                0x0000000008001d84        0x2 ./Drivers/STM32F1xx_HAL_Driver/Src/stm32f1xx_hal_rcc.o
 *fill*         0x0000000008001d86        0x2 
 .rodata.aPLLMULFactorTable.1
                0x0000000008001d88       0x10 ./Drivers/STM32F1xx_HAL_Driver/Src/stm32f1xx_hal_rcc_ex.o
 .rodata.aPredivFactorTable.0
                0x0000000008001d98        0x2 ./Drivers/STM32F1xx_HAL_Driver/Src/stm32f1xx_hal_rcc_ex.o
                0x0000000008001d9c                . = ALIGN (0x4)
 *fill*         0x0000000008001d9a        0x2 

.rel.dyn        0x0000000008001d9c        0x0
 .rel.iplt      0x0000000008001d9c        0x0 d:/st/stm32cubeide_1.10.1/stm32cubeide/plugins/com.st.stm32cube.ide.mcu.externaltools.gnu-tools-for-stm32.10.3-2021.10.win32_1.0.0.202111181127/tools/bin/../lib/gcc/arm-none-eabi/10.3.1/thumb/v7-m/nofp/crtbegin.o

.ARM.extab      0x0000000008001d9c        0x0
                0x0000000008001d9c                . = ALIGN (0x4)
 *(.ARM.extab* .gnu.linkonce.armextab.*)
                0x0000000008001d9c                . = ALIGN (0x4)

.ARM            0x0000000008001d9c        0x0
                0x0000000008001d9c                . = ALIGN (0x4)
                0x0000000008001d9c                __exidx_start = .
 *(.ARM.exidx*)
                0x0000000008001d9c                __exidx_end = .
                0x0000000008001d9c                . = ALIGN (0x4)

.preinit_array  0x0000000008001d9c        0x0
                0x0000000008001d9c                . = ALIGN (0x4)
                0x0000000008001d9c                PROVIDE (__preinit_array_start = .)
 *(.preinit_array*)
                0x0000000008001d9c                PROVIDE (__preinit_array_end = .)
                0x0000000008001d9c                . = ALIGN (0x4)

.init_array     0x0000000008001d9c        0x4
                0x0000000008001d9c                . = ALIGN (0x4)
                0x0000000008001d9c                PROVIDE (__init_array_start = .)
 *(SORT_BY_NAME(.init_array.*))
 *(.init_array*)
 .init_array    0x0000000008001d9c        0x4 d:/st/stm32cubeide_1.10.1/stm32cubeide/plugins/com.st.stm32cube.ide.mcu.externaltools.gnu-tools-for-stm32.10.3-2021.10.win32_1.0.0.202111181127/tools/bin/../lib/gcc/arm-none-eabi/10.3.1/thumb/v7-m/nofp/crtbegin.o
                0x0000000008001da0                PROVIDE (__init_array_end = .)
                0x0000000008001da0                . = ALIGN (0x4)

.fini_array     0x0000000008001da0        0x4
                0x0000000008001da0                . = ALIGN (0x4)
                [!provide]                        PROVIDE (__fini_array_start = .)
 *(SORT_BY_NAME(.fini_array.*))
 *(.fini_array*)
 .fini_array    0x0000000008001da0        0x4 d:/st/stm32cubeide_1.10.1/stm32cubeide/plugins/com.st.stm32cube.ide.mcu.externaltools.gnu-tools-for-stm32.10.3-2021.10.win32_1.0.0.202111181127/tools/bin/../lib/gcc/arm-none-eabi/10.3.1/thumb/v7-m/nofp/crtbegin.o
                [!provide]                        PROVIDE (__fini_array_end = .)
                0x0000000008001da4                . = ALIGN (0x4)
                0x0000000008001da4                _sidata = LOADADDR (.data)

.data           0x0000000020000000        0xc load address 0x0000000008001da4
                0x0000000020000000                . = ALIGN (0x4)
                0x0000000020000000                _sdata = .
 *(.data)
 *(.data*)
 .data.SystemCoreClock
                0x0000000020000000        0x4 ./Core/Src/system_stm32f1xx.o
                0x0000000020000000                SystemCoreClock
 .data.uwTickPrio
                0x0000000020000004        0x4 ./Drivers/STM32F1xx_HAL_Driver/Src/stm32f1xx_hal.o
                0x0000000020000004                uwTickPrio
 .data.uwTickFreq
                0x0000000020000008        0x1 ./Drivers/STM32F1xx_HAL_Driver/Src/stm32f1xx_hal.o
                0x0000000020000008                uwTickFreq
 *(.RamFunc)
 *(.RamFunc*)
                0x000000002000000c                . = ALIGN (0x4)
 *fill*         0x0000000020000009        0x3 
                0x000000002000000c                _edata = .

.igot.plt       0x000000002000000c        0x0 load address 0x0000000008001db0
 .igot.plt      0x000000002000000c        0x0 d:/st/stm32cubeide_1.10.1/stm32cubeide/plugins/com.st.stm32cube.ide.mcu.externaltools.gnu-tools-for-stm32.10.3-2021.10.win32_1.0.0.202111181127/tools/bin/../lib/gcc/arm-none-eabi/10.3.1/thumb/v7-m/nofp/crtbegin.o
                0x000000002000000c                . = ALIGN (0x4)

.bss            0x000000002000000c       0x34 load address 0x0000000008001db0
                0x000000002000000c                _sbss = .
                0x000000002000000c                __bss_start__ = _sbss
 *(.bss)
 .bss           0x000000002000000c       0x1c d:/st/stm32cubeide_1.10.1/stm32cubeide/plugins/com.st.stm32cube.ide.mcu.externaltools.gnu-tools-for-stm32.10.3-2021.10.win32_1.0.0.202111181127/tools/bin/../lib/gcc/arm-none-eabi/10.3.1/thumb/v7-m/nofp/crtbegin.o
 *(.bss*)
 .bss.hrtc      0x0000000020000028       0x14 ./Core/Src/main.o
                0x0000000020000028                hrtc
 .bss.uwTick    0x000000002000003c        0x4 ./Drivers/STM32F1xx_HAL_Driver/Src/stm32f1xx_hal.o
                0x000000002000003c                uwTick
 *(COMMON)
                0x0000000020000040                . = ALIGN (0x4)
                0x0000000020000040                _ebss = .
                0x0000000020000040                __bss_end__ = _ebss

._user_heap_stack
                0x0000000020000040      0x600 load address 0x0000000008001db0
                0x0000000020000040                . = ALIGN (0x8)
                [!provide]                        PROVIDE (end = .)
                0x0000000020000040                PROVIDE (_end = .)
                0x0000000020000240                . = (. + _Min_Heap_Size)
 *fill*         0x0000000020000040      0x200 
                0x0000000020000640                . = (. + _Min_Stack_Size)
 *fill*         0x0000000020000240      0x400 
                0x0000000020000640                . = ALIGN (0x8)

/DISCARD/
 libc.a(*)
 libm.a(*)
 libgcc.a(*)

.ARM.attributes
                0x0000000000000000       0x29
 *(.ARM.attributes)
 .ARM.attributes
                0x0000000000000000       0x1d d:/st/stm32cubeide_1.10.1/stm32cubeide/plugins/com.st.stm32cube.ide.mcu.externaltools.gnu-tools-for-stm32.10.3-2021.10.win32_1.0.0.202111181127/tools/bin/../lib/gcc/arm-none-eabi/10.3.1/thumb/v7-m/nofp/crti.o
 .ARM.attributes
                0x000000000000001d       0x2d d:/st/stm32cubeide_1.10.1/stm32cubeide/plugins/com.st.stm32cube.ide.mcu.externaltools.gnu-tools-for-stm32.10.3-2021.10.win32_1.0.0.202111181127/tools/bin/../lib/gcc/arm-none-eabi/10.3.1/thumb/v7-m/nofp/crtbegin.o
 .ARM.attributes
                0x000000000000004a       0x2d ./Core/Src/main.o
 .ARM.attributes
                0x0000000000000077       0x2d ./Core/Src/stm32f1xx_hal_msp.o
 .ARM.attributes
                0x00000000000000a4       0x2d ./Core/Src/stm32f1xx_it.o
 .ARM.attributes
                0x00000000000000d1       0x2d ./Core/Src/system_stm32f1xx.o
 .ARM.attributes
                0x00000000000000fe       0x21 ./Core/Startup/startup_stm32f103cbtx.o
 .ARM.attributes
                0x000000000000011f       0x2d ./Drivers/STM32F1xx_HAL_Driver/Src/stm32f1xx_hal.o
 .ARM.attributes
                0x000000000000014c       0x2d ./Drivers/STM32F1xx_HAL_Driver/Src/stm32f1xx_hal_cortex.o
 .ARM.attributes
                0x0000000000000179       0x2d ./Drivers/STM32F1xx_HAL_Driver/Src/stm32f1xx_hal_gpio.o
 .ARM.attributes
                0x00000000000001a6       0x2d ./Drivers/STM32F1xx_HAL_Driver/Src/stm32f1xx_hal_pwr.o
 .ARM.attributes
                0x00000000000001d3       0x2d ./Drivers/STM32F1xx_HAL_Driver/Src/stm32f1xx_hal_rcc.o
 .ARM.attributes
                0x0000000000000200       0x2d ./Drivers/STM32F1xx_HAL_Driver/Src/stm32f1xx_hal_rcc_ex.o
 .ARM.attributes
                0x000000000000022d       0x2d ./Drivers/STM32F1xx_HAL_Driver/Src/stm32f1xx_hal_rtc.o
 .ARM.attributes
                0x000000000000025a       0x2d d:/st/stm32cubeide_1.10.1/stm32cubeide/plugins/com.st.stm32cube.ide.mcu.externaltools.gnu-tools-for-stm32.10.3-2021.10.win32_1.0.0.202111181127/tools/bin/../lib/gcc/arm-none-eabi/10.3.1/../../../../arm-none-eabi/lib/thumb/v7-m/nofp\libc_nano.a(lib_a-init.o)
 .ARM.attributes
                0x0000000000000287       0x2d d:/st/stm32cubeide_1.10.1/stm32cubeide/plugins/com.st.stm32cube.ide.mcu.externaltools.gnu-tools-for-stm32.10.3-2021.10.win32_1.0.0.202111181127/tools/bin/../lib/gcc/arm-none-eabi/10.3.1/../../../../arm-none-eabi/lib/thumb/v7-m/nofp\libc_nano.a(lib_a-memset.o)
 .ARM.attributes
                0x00000000000002b4       0x1d d:/st/stm32cubeide_1.10.1/stm32cubeide/plugins/com.st.stm32cube.ide.mcu.externaltools.gnu-tools-for-stm32.10.3-2021.10.win32_1.0.0.202111181127/tools/bin/../lib/gcc/arm-none-eabi/10.3.1/thumb/v7-m/nofp/crtn.o
OUTPUT(ST-LINK-V2.elf elf32-littlearm)
LOAD linker stubs
LOAD d:/st/stm32cubeide_1.10.1/stm32cubeide/plugins/com.st.stm32cube.ide.mcu.externaltools.gnu-tools-for-stm32.10.3-2021.10.win32_1.0.0.202111181127/tools/bin/../lib/gcc/arm-none-eabi/10.3.1/../../../../arm-none-eabi/lib/thumb/v7-m/nofp\libc.a
LOAD d:/st/stm32cubeide_1.10.1/stm32cubeide/plugins/com.st.stm32cube.ide.mcu.externaltools.gnu-tools-for-stm32.10.3-2021.10.win32_1.0.0.202111181127/tools/bin/../lib/gcc/arm-none-eabi/10.3.1/../../../../arm-none-eabi/lib/thumb/v7-m/nofp\libm.a
LOAD d:/st/stm32cubeide_1.10.1/stm32cubeide/plugins/com.st.stm32cube.ide.mcu.externaltools.gnu-tools-for-stm32.10.3-2021.10.win32_1.0.0.202111181127/tools/bin/../lib/gcc/arm-none-eabi/10.3.1/thumb/v7-m/nofp\libgcc.a

.debug_info     0x0000000000000000     0x48ff
 .debug_info    0x0000000000000000      0x88e ./Core/Src/main.o
 .debug_info    0x000000000000088e      0x497 ./Core/Src/stm32f1xx_hal_msp.o
 .debug_info    0x0000000000000d25      0x122 ./Core/Src/stm32f1xx_it.o
 .debug_info    0x0000000000000e47      0x23d ./Core/Src/system_stm32f1xx.o
 .debug_info    0x0000000000001084       0x22 ./Core/Startup/startup_stm32f103cbtx.o
 .debug_info    0x00000000000010a6      0x734 ./Drivers/STM32F1xx_HAL_Driver/Src/stm32f1xx_hal.o
 .debug_info    0x00000000000017da      0xb20 ./Drivers/STM32F1xx_HAL_Driver/Src/stm32f1xx_hal_cortex.o
 .debug_info    0x00000000000022fa      0x615 ./Drivers/STM32F1xx_HAL_Driver/Src/stm32f1xx_hal_gpio.o
 .debug_info    0x000000000000290f      0x65c ./Drivers/STM32F1xx_HAL_Driver/Src/stm32f1xx_hal_pwr.o
 .debug_info    0x0000000000002f6b      0x865 ./Drivers/STM32F1xx_HAL_Driver/Src/stm32f1xx_hal_rcc.o
 .debug_info    0x00000000000037d0      0x3e6 ./Drivers/STM32F1xx_HAL_Driver/Src/stm32f1xx_hal_rcc_ex.o
 .debug_info    0x0000000000003bb6      0xd49 ./Drivers/STM32F1xx_HAL_Driver/Src/stm32f1xx_hal_rtc.o

.debug_abbrev   0x0000000000000000     0x1418
 .debug_abbrev  0x0000000000000000      0x1fe ./Core/Src/main.o
 .debug_abbrev  0x00000000000001fe      0x175 ./Core/Src/stm32f1xx_hal_msp.o
 .debug_abbrev  0x0000000000000373       0x74 ./Core/Src/stm32f1xx_it.o
 .debug_abbrev  0x00000000000003e7      0x13b ./Core/Src/system_stm32f1xx.o
 .debug_abbrev  0x0000000000000522       0x12 ./Core/Startup/startup_stm32f103cbtx.o
 .debug_abbrev  0x0000000000000534      0x1fb ./Drivers/STM32F1xx_HAL_Driver/Src/stm32f1xx_hal.o
 .debug_abbrev  0x000000000000072f      0x2ed ./Drivers/STM32F1xx_HAL_Driver/Src/stm32f1xx_hal_cortex.o
 .debug_abbrev  0x0000000000000a1c      0x1bb ./Drivers/STM32F1xx_HAL_Driver/Src/stm32f1xx_hal_gpio.o
 .debug_abbrev  0x0000000000000bd7      0x1ed ./Drivers/STM32F1xx_HAL_Driver/Src/stm32f1xx_hal_pwr.o
 .debug_abbrev  0x0000000000000dc4      0x2a8 ./Drivers/STM32F1xx_HAL_Driver/Src/stm32f1xx_hal_rcc.o
 .debug_abbrev  0x000000000000106c      0x182 ./Drivers/STM32F1xx_HAL_Driver/Src/stm32f1xx_hal_rcc_ex.o
 .debug_abbrev  0x00000000000011ee      0x22a ./Drivers/STM32F1xx_HAL_Driver/Src/stm32f1xx_hal_rtc.o

.debug_aranges  0x0000000000000000      0x5b8
 .debug_aranges
                0x0000000000000000       0x40 ./Core/Src/main.o
 .debug_aranges
                0x0000000000000040       0x30 ./Core/Src/stm32f1xx_hal_msp.o
 .debug_aranges
                0x0000000000000070       0x60 ./Core/Src/stm32f1xx_it.o
 .debug_aranges
                0x00000000000000d0       0x28 ./Core/Src/system_stm32f1xx.o
 .debug_aranges
                0x00000000000000f8       0x28 ./Core/Startup/startup_stm32f103cbtx.o
 .debug_aranges
                0x0000000000000120       0xe0 ./Drivers/STM32F1xx_HAL_Driver/Src/stm32f1xx_hal.o
 .debug_aranges
                0x0000000000000200      0x100 ./Drivers/STM32F1xx_HAL_Driver/Src/stm32f1xx_hal_cortex.o
 .debug_aranges
                0x0000000000000300       0x58 ./Drivers/STM32F1xx_HAL_Driver/Src/stm32f1xx_hal_gpio.o
 .debug_aranges
                0x0000000000000358       0xa8 ./Drivers/STM32F1xx_HAL_Driver/Src/stm32f1xx_hal_pwr.o
 .debug_aranges
                0x0000000000000400       0x90 ./Drivers/STM32F1xx_HAL_Driver/Src/stm32f1xx_hal_rcc.o
 .debug_aranges
                0x0000000000000490       0x30 ./Drivers/STM32F1xx_HAL_Driver/Src/stm32f1xx_hal_rcc_ex.o
 .debug_aranges
                0x00000000000004c0       0xf8 ./Drivers/STM32F1xx_HAL_Driver/Src/stm32f1xx_hal_rtc.o

.debug_ranges   0x0000000000000000      0x500
 .debug_ranges  0x0000000000000000       0x30 ./Core/Src/main.o
 .debug_ranges  0x0000000000000030       0x20 ./Core/Src/stm32f1xx_hal_msp.o
 .debug_ranges  0x0000000000000050       0x50 ./Core/Src/stm32f1xx_it.o
 .debug_ranges  0x00000000000000a0       0x18 ./Core/Src/system_stm32f1xx.o
 .debug_ranges  0x00000000000000b8       0x20 ./Core/Startup/startup_stm32f103cbtx.o
 .debug_ranges  0x00000000000000d8       0xd0 ./Drivers/STM32F1xx_HAL_Driver/Src/stm32f1xx_hal.o
 .debug_ranges  0x00000000000001a8       0xf0 ./Drivers/STM32F1xx_HAL_Driver/Src/stm32f1xx_hal_cortex.o
 .debug_ranges  0x0000000000000298       0x48 ./Drivers/STM32F1xx_HAL_Driver/Src/stm32f1xx_hal_gpio.o
 .debug_ranges  0x00000000000002e0       0x98 ./Drivers/STM32F1xx_HAL_Driver/Src/stm32f1xx_hal_pwr.o
 .debug_ranges  0x0000000000000378       0x80 ./Drivers/STM32F1xx_HAL_Driver/Src/stm32f1xx_hal_rcc.o
 .debug_ranges  0x00000000000003f8       0x20 ./Drivers/STM32F1xx_HAL_Driver/Src/stm32f1xx_hal_rcc_ex.o
 .debug_ranges  0x0000000000000418       0xe8 ./Drivers/STM32F1xx_HAL_Driver/Src/stm32f1xx_hal_rtc.o

.debug_macro    0x0000000000000000    0x1619d
 .debug_macro   0x0000000000000000      0x1a7 ./Core/Src/main.o
 .debug_macro   0x00000000000001a7      0xa6c ./Core/Src/main.o
 .debug_macro   0x0000000000000c13      0x215 ./Core/Src/main.o
 .debug_macro   0x0000000000000e28       0x2e ./Core/Src/main.o
 .debug_macro   0x0000000000000e56       0x22 ./Core/Src/main.o
 .debug_macro   0x0000000000000e78       0x22 ./Core/Src/main.o
 .debug_macro   0x0000000000000e9a       0x8e ./Core/Src/main.o
 .debug_macro   0x0000000000000f28       0x51 ./Core/Src/main.o
 .debug_macro   0x0000000000000f79      0x103 ./Core/Src/main.o
 .debug_macro   0x000000000000107c       0x6a ./Core/Src/main.o
 .debug_macro   0x00000000000010e6      0x1df ./Core/Src/main.o
 .debug_macro   0x00000000000012c5       0x1c ./Core/Src/main.o
 .debug_macro   0x00000000000012e1       0x22 ./Core/Src/main.o
 .debug_macro   0x0000000000001303       0xbd ./Core/Src/main.o
 .debug_macro   0x00000000000013c0      0xd23 ./Core/Src/main.o
 .debug_macro   0x00000000000020e3     0xe09e ./Core/Src/main.o
 .debug_macro   0x0000000000010181       0x6d ./Core/Src/main.o
 .debug_macro   0x00000000000101ee     0x348d ./Core/Src/main.o
 .debug_macro   0x000000000001367b      0x174 ./Core/Src/main.o
 .debug_macro   0x00000000000137ef       0x5c ./Core/Src/main.o
 .debug_macro   0x000000000001384b      0x5bc ./Core/Src/main.o
 .debug_macro   0x0000000000013e07      0x289 ./Core/Src/main.o
 .debug_macro   0x0000000000014090      0x1cb ./Core/Src/main.o
 .debug_macro   0x000000000001425b      0x114 ./Core/Src/main.o
 .debug_macro   0x000000000001436f      0x1b2 ./Core/Src/main.o
 .debug_macro   0x0000000000014521       0x27 ./Core/Src/main.o
 .debug_macro   0x0000000000014548      0x136 ./Core/Src/main.o
 .debug_macro   0x000000000001467e      0x1bc ./Core/Src/main.o
 .debug_macro   0x000000000001483a       0x34 ./Core/Src/main.o
 .debug_macro   0x000000000001486e       0x3c ./Core/Src/main.o
 .debug_macro   0x00000000000148aa       0x57 ./Core/Src/main.o
 .debug_macro   0x0000000000014901       0x87 ./Core/Src/main.o
 .debug_macro   0x0000000000014988      0x240 ./Core/Src/main.o
 .debug_macro   0x0000000000014bc8      0x140 ./Core/Src/main.o
 .debug_macro   0x0000000000014d08      0x1ef ./Core/Src/main.o
 .debug_macro   0x0000000000014ef7       0xeb ./Core/Src/main.o
 .debug_macro   0x0000000000014fe2       0x83 ./Core/Src/main.o
 .debug_macro   0x0000000000015065       0x10 ./Core/Src/main.o
 .debug_macro   0x0000000000015075      0x1a7 ./Core/Src/stm32f1xx_hal_msp.o
 .debug_macro   0x000000000001521c      0x1b1 ./Core/Src/stm32f1xx_it.o
 .debug_macro   0x00000000000153cd      0x198 ./Core/Src/system_stm32f1xx.o
 .debug_macro   0x0000000000015565      0x1bc ./Drivers/STM32F1xx_HAL_Driver/Src/stm32f1xx_hal.o
 .debug_macro   0x0000000000015721      0x198 ./Drivers/STM32F1xx_HAL_Driver/Src/stm32f1xx_hal_cortex.o
 .debug_macro   0x00000000000158b9      0x203 ./Drivers/STM32F1xx_HAL_Driver/Src/stm32f1xx_hal_gpio.o
 .debug_macro   0x0000000000015abc      0x1f8 ./Drivers/STM32F1xx_HAL_Driver/Src/stm32f1xx_hal_pwr.o
 .debug_macro   0x0000000000015cb4      0x1aa ./Drivers/STM32F1xx_HAL_Driver/Src/stm32f1xx_hal_rcc.o
 .debug_macro   0x0000000000015e5e      0x198 ./Drivers/STM32F1xx_HAL_Driver/Src/stm32f1xx_hal_rcc_ex.o
 .debug_macro   0x0000000000015ff6      0x1a7 ./Drivers/STM32F1xx_HAL_Driver/Src/stm32f1xx_hal_rtc.o

.debug_line     0x0000000000000000     0x685c
 .debug_line    0x0000000000000000      0x763 ./Core/Src/main.o
 .debug_line    0x0000000000000763      0x694 ./Core/Src/stm32f1xx_hal_msp.o
 .debug_line    0x0000000000000df7      0x71c ./Core/Src/stm32f1xx_it.o
 .debug_line    0x0000000000001513      0x6d8 ./Core/Src/system_stm32f1xx.o
 .debug_line    0x0000000000001beb       0x86 ./Core/Startup/startup_stm32f103cbtx.o
 .debug_line    0x0000000000001c71      0x905 ./Drivers/STM32F1xx_HAL_Driver/Src/stm32f1xx_hal.o
 .debug_line    0x0000000000002576      0xaed ./Drivers/STM32F1xx_HAL_Driver/Src/stm32f1xx_hal_cortex.o
 .debug_line    0x0000000000003063      0x99e ./Drivers/STM32F1xx_HAL_Driver/Src/stm32f1xx_hal_gpio.o
 .debug_line    0x0000000000003a01      0x887 ./Drivers/STM32F1xx_HAL_Driver/Src/stm32f1xx_hal_pwr.o
 .debug_line    0x0000000000004288      0xd11 ./Drivers/STM32F1xx_HAL_Driver/Src/stm32f1xx_hal_rcc.o
 .debug_line    0x0000000000004f99      0x84c ./Drivers/STM32F1xx_HAL_Driver/Src/stm32f1xx_hal_rcc_ex.o
 .debug_line    0x00000000000057e5     0x1077 ./Drivers/STM32F1xx_HAL_Driver/Src/stm32f1xx_hal_rtc.o

.debug_str      0x0000000000000000    0x7df57
 .debug_str     0x0000000000000000    0x7c6d0 ./Core/Src/main.o
                                      0x7ca24 (size before relaxing)
 .debug_str     0x000000000007c6d0       0x95 ./Core/Src/stm32f1xx_hal_msp.o
                                      0x7c749 (size before relaxing)
 .debug_str     0x000000000007c765       0xc9 ./Core/Src/stm32f1xx_it.o
                                      0x7c5a4 (size before relaxing)
 .debug_str     0x000000000007c82e       0x7e ./Core/Src/system_stm32f1xx.o
                                      0x7c593 (size before relaxing)
 .debug_str     0x000000000007c8ac       0x36 ./Core/Startup/startup_stm32f103cbtx.o
                                         0x5e (size before relaxing)
 .debug_str     0x000000000007c8e2      0x607 ./Drivers/STM32F1xx_HAL_Driver/Src/stm32f1xx_hal.o
                                      0x7ccc6 (size before relaxing)
 .debug_str     0x000000000007cee9      0x2bb ./Drivers/STM32F1xx_HAL_Driver/Src/stm32f1xx_hal_cortex.o
                                      0x7cc12 (size before relaxing)
 .debug_str     0x000000000007d1a4      0x2e3 ./Drivers/STM32F1xx_HAL_Driver/Src/stm32f1xx_hal_gpio.o
                                      0x7c919 (size before relaxing)
 .debug_str     0x000000000007d487      0x4f5 ./Drivers/STM32F1xx_HAL_Driver/Src/stm32f1xx_hal_pwr.o
                                      0x7caca (size before relaxing)
 .debug_str     0x000000000007d97c      0x21d ./Drivers/STM32F1xx_HAL_Driver/Src/stm32f1xx_hal_rcc.o
                                      0x7c9c2 (size before relaxing)
 .debug_str     0x000000000007db99       0x9f ./Drivers/STM32F1xx_HAL_Driver/Src/stm32f1xx_hal_rcc_ex.o
                                      0x7c712 (size before relaxing)
 .debug_str     0x000000000007dc38      0x31f ./Drivers/STM32F1xx_HAL_Driver/Src/stm32f1xx_hal_rtc.o
                                      0x7ca9e (size before relaxing)

.comment        0x0000000000000000       0x50
 .comment       0x0000000000000000       0x50 ./Core/Src/main.o
                                         0x51 (size before relaxing)
 .comment       0x0000000000000050       0x51 ./Core/Src/stm32f1xx_hal_msp.o
 .comment       0x0000000000000050       0x51 ./Core/Src/stm32f1xx_it.o
 .comment       0x0000000000000050       0x51 ./Core/Src/system_stm32f1xx.o
 .comment       0x0000000000000050       0x51 ./Drivers/STM32F1xx_HAL_Driver/Src/stm32f1xx_hal.o
 .comment       0x0000000000000050       0x51 ./Drivers/STM32F1xx_HAL_Driver/Src/stm32f1xx_hal_cortex.o
 .comment       0x0000000000000050       0x51 ./Drivers/STM32F1xx_HAL_Driver/Src/stm32f1xx_hal_gpio.o
 .comment       0x0000000000000050       0x51 ./Drivers/STM32F1xx_HAL_Driver/Src/stm32f1xx_hal_pwr.o
 .comment       0x0000000000000050       0x51 ./Drivers/STM32F1xx_HAL_Driver/Src/stm32f1xx_hal_rcc.o
 .comment       0x0000000000000050       0x51 ./Drivers/STM32F1xx_HAL_Driver/Src/stm32f1xx_hal_rcc_ex.o
 .comment       0x0000000000000050       0x51 ./Drivers/STM32F1xx_HAL_Driver/Src/stm32f1xx_hal_rtc.o

.debug_frame    0x0000000000000000     0x14c0
 .debug_frame   0x0000000000000000       0xb0 ./Core/Src/main.o
 .debug_frame   0x00000000000000b0       0x84 ./Core/Src/stm32f1xx_hal_msp.o
 .debug_frame   0x0000000000000134      0x104 ./Core/Src/stm32f1xx_it.o
 .debug_frame   0x0000000000000238       0x58 ./Core/Src/system_stm32f1xx.o
 .debug_frame   0x0000000000000290      0x334 ./Drivers/STM32F1xx_HAL_Driver/Src/stm32f1xx_hal.o
 .debug_frame   0x00000000000005c4      0x428 ./Drivers/STM32F1xx_HAL_Driver/Src/stm32f1xx_hal_cortex.o
 .debug_frame   0x00000000000009ec      0x14c ./Drivers/STM32F1xx_HAL_Driver/Src/stm32f1xx_hal_gpio.o
 .debug_frame   0x0000000000000b38      0x270 ./Drivers/STM32F1xx_HAL_Driver/Src/stm32f1xx_hal_pwr.o
 .debug_frame   0x0000000000000da8      0x218 ./Drivers/STM32F1xx_HAL_Driver/Src/stm32f1xx_hal_rcc.o
 .debug_frame   0x0000000000000fc0       0x80 ./Drivers/STM32F1xx_HAL_Driver/Src/stm32f1xx_hal_rcc_ex.o
 .debug_frame   0x0000000000001040      0x434 ./Drivers/STM32F1xx_HAL_Driver/Src/stm32f1xx_hal_rtc.o
 .debug_frame   0x0000000000001474       0x2c d:/st/stm32cubeide_1.10.1/stm32cubeide/plugins/com.st.stm32cube.ide.mcu.externaltools.gnu-tools-for-stm32.10.3-2021.10.win32_1.0.0.202111181127/tools/bin/../lib/gcc/arm-none-eabi/10.3.1/../../../../arm-none-eabi/lib/thumb/v7-m/nofp\libc_nano.a(lib_a-init.o)
 .debug_frame   0x00000000000014a0       0x20 d:/st/stm32cubeide_1.10.1/stm32cubeide/plugins/com.st.stm32cube.ide.mcu.externaltools.gnu-tools-for-stm32.10.3-2021.10.win32_1.0.0.202111181127/tools/bin/../lib/gcc/arm-none-eabi/10.3.1/../../../../arm-none-eabi/lib/thumb/v7-m/nofp\libc_nano.a(lib_a-memset.o)
